[38;5;112m[Appium][0m Welcome to Appium v2.11.5
[38;5;112m[Appium][0m Non-default server args:
[38;5;112m[Appium][0m { basePath: [32m'/wd/hub'[39m, loglevel: [32m'info'[39m, port: [33m63917[39m }
[38;5;112m[Appium][0m Attempting to load driver uiautomator2...
[38;5;112m[Appium][0m Appium REST http interface listener started on http://0.0.0.0:63917/wd/hub
[38;5;112m[Appium][0m You can provide the following URLs in your client code to connect to this server:
	http://127.0.0.1:63917/wd/hub (only accessible from the same host)
	http://192.168.1.9:63917/wd/hub
[38;5;112m[Appium][0m Available drivers:
[38;5;112m[Appium][0m   - uiautomator2@3.8.0 (automationName 'UiAutomator2')
[38;5;112m[Appium][0m No plugins have been installed. Use the "appium plugin" command to install the one(s) you want to use.
[38;5;86m[HTTP][0m [37m-->[39m [37mGET[39m [37m/wd/hub/status[39m {}
[38;5;86m[HTTP][0m <-- GET /wd/hub/status 200 11 ms - 111 
[38;5;86m[HTTP][0m [37m-->[39m [37mGET[39m [37m/wd/hub/status[39m {}
[38;5;86m[HTTP][0m <-- GET /wd/hub/status 200 2 ms - 111 
[38;5;86m[HTTP][0m [37m-->[39m [37mPOST[39m [37m/wd/hub/session[39m {"desiredCapabilities":{"appium:systemPort":63946,"appium:newCommandTimeout":1800,"appium:automationName":"uiautomator2","appium:fullReset":false,"appium:platformVersion":"13","appium:noReset":true,"appium:udid":"emulator-5554","appium:autoGrantPermissions":true,"appium:platformName":"ANDROID","appium:deviceName":"emulator-5554 (sdk_gphone64_x86_64 - Android 13)","platformName":"Android","appium:app":"/Users/apin/Desktop/Automate/Katalon Studio/EduApp/Happy day shopping app/mobile-app/Shop Samsung_2.0.34917_APKPure.apk"},"capabilities":{"firstMatch":[{"appium:app":"/Users/apin/Desktop/Automate/Katalon Studio/EduApp/Happy day shopping app/mobile-app/Shop Samsung_2.0.34917_APKPure.apk","appium:autoGrantPermissions":true,"appium:automationName":"uiautomator2","appium:deviceName":"emulator-5554 (sdk_gphone64_x86_64 - Android 13)","appium:fullReset":false,"appium:newCommandTimeout":1800,"appium:noReset":true,"appium:platformName":"ANDROID","appium:platformVersion":"13","appium:systemPort":63946,"appium:udid":"e...
[38;5;123m[BaseDriver][0m Ignoring capability 'appium:platformName=ANDROID' and using capability 'platformName=android'
[38;5;123m[BaseDriver][0m The capabilities ["platformName"] are standard capabilities and do not require "appium:" prefix
[38;5;112m[Appium][0m Attempting to find matching driver for automationName 'uiautomator2' and platformName 'android'
[38;5;112m[Appium][0m The 'uiautomator2' driver was installed and matched caps.
[38;5;112m[Appium][0m Will require it at /Users/apin/.appium/node_modules/appium-uiautomator2-driver
[38;5;171m[AppiumDriver@83a9][0m Appium v2.11.5 creating new AndroidUiautomator2Driver (v3.8.0) session
[38;5;171m[AppiumDriver@83a9][0m Checking BaseDriver versions for Appium and AndroidUiautomator2Driver
[38;5;171m[AppiumDriver@83a9][0m Appium's BaseDriver version is 9.11.5
[38;5;171m[AppiumDriver@83a9][0m AndroidUiautomator2Driver's BaseDriver version is 9.11.5
[38;5;138m[17b5e8db][0m[38;5;-56m[AndroidUiautomator2Driver@af80][0m Session created with session id: 17b5e8db-0e53-4ee9-9222-e9359f11d467
[38;5;138m[17b5e8db][0m[38;5;229m[ADB][0m Found 1 'build-tools' folders under '/Users/apin/.katalon/tools/android_sdk' (newest first):
[38;5;138m[17b5e8db][0m[38;5;229m[ADB][0m     /Users/apin/.katalon/tools/android_sdk/build-tools/29.0.3
[38;5;138m[17b5e8db][0m[38;5;229m[ADB][0m Using 'adb' from '/Users/apin/.katalon/tools/android_sdk/platform-tools/adb'
[38;5;138m[17b5e8db][0m[38;5;-56m[AndroidUiautomator2Driver@af80][0m Retrieving device list
[38;5;138m[17b5e8db][0m[38;5;-56m[AndroidUiautomator2Driver@af80][0m Using device: emulator-5554
[38;5;138m[17b5e8db][0m[38;5;229m[ADB][0m Using 'adb' from '/Users/apin/.katalon/tools/android_sdk/platform-tools/adb'
[38;5;138m[17b5e8db][0m[38;5;123m[BaseDriver][0m Using local app '/Users/apin/Desktop/Automate/Katalon Studio/EduApp/Happy day shopping app/mobile-app/Shop Samsung_2.0.34917_APKPure.apk'
[38;5;138m[17b5e8db][0m[38;5;229m[ADB][0m Getting device platform version
[38;5;138m[17b5e8db][0m[38;5;-56m[AndroidUiautomator2Driver@af80][0m Relaxing hidden api policy
[38;5;138m[17b5e8db][0m[38;5;229m[ADB][0m Using 'aapt2' from '/Users/apin/.katalon/tools/android_sdk/build-tools/29.0.3/aapt2'
[38;5;138m[17b5e8db][0m[38;5;229m[ADB][0m Package name: 'com.samsung.ecomm'
[38;5;138m[17b5e8db][0m[38;5;229m[ADB][0m Main activity name: 'com.samsung.ecomm.MainActivity'
[38;5;138m[17b5e8db][0m[38;5;-56m[AndroidUiautomator2Driver@af80][0m Server packages are not going to be (re)installed
[38;5;138m[17b5e8db][0m[38;5;229m[ADB][0m Using 'apksigner.jar' from '/Users/apin/.katalon/tools/android_sdk/build-tools/29.0.3/lib/apksigner.jar'
[38;5;138m[17b5e8db][0m[38;5;229m[ADB][0m Adding packages ["io.appium.settings","io.appium.uiautomator2.server","io.appium.uiautomator2.server.test"] to Doze whitelist
[38;5;138m[17b5e8db][0m[38;5;229m[ADB][0m '/Users/apin/Desktop/Automate/Katalon Studio/EduApp/Happy day shopping app/mobile-app/Shop Samsung_2.0.34917_APKPure.apk' is signed with a non-default certificate
[38;5;138m[17b5e8db][0m[38;5;229m[ADB][0m The application at '/Users/apin/Desktop/Automate/Katalon Studio/EduApp/Happy day shopping app/mobile-app/Shop Samsung_2.0.34917_APKPure.apk' will not be cached, because the device under test has confirmed the support of streamed installs
[38;5;138m[17b5e8db][0m[38;5;229m[ADB][0m The installation of 'Shop Samsung_2.0.34917_APKPure.apk' took 28670ms
[38;5;138m[17b5e8db][0m[38;5;-56m[AndroidUiautomator2Driver@af80][0m Starting UIAutomator2 server 7.0.25
[38;5;138m[17b5e8db][0m[38;5;-56m[AndroidUiautomator2Driver@af80][0m Using UIAutomator2 server from '/Users/apin/.appium/node_modules/appium-uiautomator2-driver/node_modules/appium-uiautomator2-server/apks/appium-uiautomator2-server-v7.0.25.apk' and test from '/Users/apin/.appium/node_modules/appium-uiautomator2-driver/node_modules/appium-uiautomator2-server/apks/appium-uiautomator2-server-debug-androidTest.apk'
[38;5;138m[17b5e8db][0m[38;5;-56m[AndroidUiautomator2Driver@af80][0m Waiting up to 30000ms for UiAutomator2 to be online...
[38;5;138m[17b5e8db][0m[38;5;-56m[AndroidUiautomator2Driver@af80][0m socket hang up
[38;5;138m[17b5e8db][0m[38;5;-56m[AndroidUiautomator2Driver@af80][0m socket hang up
[38;5;138m[17b5e8db][0m[38;5;-56m[AndroidUiautomator2Driver@af80][0m socket hang up
[38;5;138m[17b5e8db][0m[38;5;-56m[AndroidUiautomator2Driver@af80][0m socket hang up
[38;5;138m[17b5e8db][0m[38;5;-56m[AndroidUiautomator2Driver@af80][0m socket hang up
[38;5;138m[17b5e8db][0m[38;5;-56m[AndroidUiautomator2Driver@af80][0m Determined the downstream protocol as 'W3C'
[38;5;138m[17b5e8db][0m[38;5;-56m[AndroidUiautomator2Driver@af80][0m Screen already unlocked, doing nothing
[38;5;138m[17b5e8db][0m[38;5;-56m[AndroidUiautomator2Driver@af80][0m Starting 'com.samsung.ecomm/com.samsung.ecomm.MainActivity and waiting for 'com.samsung.ecomm/com.samsung.ecomm.MainActivity'
[38;5;138m[17b5e8db][0m[38;5;171m[AppiumDriver@83a9][0m New AndroidUiautomator2Driver session created successfully, session 17b5e8db-0e53-4ee9-9222-e9359f11d467 added to master session list
[38;5;138m[17b5e8db][0m[38;5;86m[HTTP][0m <-- POST /wd/hub/session 200 52827 ms - 1357 
[38;5;138m[17b5e8db][0m[38;5;86m[HTTP][0m [37m-->[39m [37mGET[39m [37m/wd/hub/session/17b5e8db-0e53-4ee9-9222-e9359f11d467[39m {}
[38;5;138m[17b5e8db][0m[38;5;86m[HTTP][0m <-- GET /wd/hub/session/17b5e8db-0e53-4ee9-9222-e9359f11d467 200 47 ms - 433 
[38;5;138m[17b5e8db][0m[38;5;86m[HTTP][0m [37m-->[39m [37mGET[39m [37m/wd/hub/session/17b5e8db-0e53-4ee9-9222-e9359f11d467[39m {}
[38;5;138m[17b5e8db][0m[38;5;86m[HTTP][0m <-- GET /wd/hub/session/17b5e8db-0e53-4ee9-9222-e9359f11d467 200 47 ms - 433 
[38;5;86m[HTTP][0m [37m-->[39m [37mGET[39m [37m/wd/hub/status[39m {}
[38;5;86m[HTTP][0m <-- GET /wd/hub/status 200 2 ms - 111 
[38;5;138m[17b5e8db][0m[38;5;86m[HTTP][0m [37m-->[39m [37mPOST[39m [37m/wd/hub/session/17b5e8db-0e53-4ee9-9222-e9359f11d467/timeouts[39m {"implicit":60000}
[38;5;138m[17b5e8db][0m[38;5;86m[HTTP][0m <-- POST /wd/hub/session/17b5e8db-0e53-4ee9-9222-e9359f11d467/timeouts 200 4 ms - 14 
[38;5;138m[17b5e8db][0m[38;5;86m[HTTP][0m [37m-->[39m [37mGET[39m [37m/wd/hub/session/17b5e8db-0e53-4ee9-9222-e9359f11d467/source[39m {}
[38;5;138m[17b5e8db][0m[38;5;-56m[AndroidUiautomator2Driver@af80][0m Driver proxy active, passing request on via HTTP proxy
[38;5;138m[17b5e8db][0m[38;5;-56m[AndroidUiautomator2Driver@af80][0m Replacing sessionId a2a28e5a-d9fc-47dc-9a1a-37748316b4de with 17b5e8db-0e53-4ee9-9222-e9359f11d467
[38;5;138m[17b5e8db][0m[38;5;86m[HTTP][0m <-- GET /wd/hub/session/17b5e8db-0e53-4ee9-9222-e9359f11d467/source 200 447 ms - 4798 
[38;5;138m[17b5e8db][0m[38;5;86m[HTTP][0m [37m-->[39m [37mGET[39m [37m/wd/hub/session/17b5e8db-0e53-4ee9-9222-e9359f11d467/screenshot[39m {}
[38;5;138m[17b5e8db][0m[38;5;86m[HTTP][0m <-- GET /wd/hub/session/17b5e8db-0e53-4ee9-9222-e9359f11d467/screenshot 200 942 ms - 63052 
[38;5;138m[17b5e8db][0m[38;5;86m[HTTP][0m [37m-->[39m [37mGET[39m [37m/wd/hub/session/17b5e8db-0e53-4ee9-9222-e9359f11d467/source[39m {}
[38;5;138m[17b5e8db][0m[38;5;-56m[AndroidUiautomator2Driver@af80][0m Driver proxy active, passing request on via HTTP proxy
[38;5;138m[17b5e8db][0m[38;5;-56m[AndroidUiautomator2Driver@af80][0m Replacing sessionId a2a28e5a-d9fc-47dc-9a1a-37748316b4de with 17b5e8db-0e53-4ee9-9222-e9359f11d467
[38;5;138m[17b5e8db][0m[38;5;86m[HTTP][0m <-- GET /wd/hub/session/17b5e8db-0e53-4ee9-9222-e9359f11d467/source 200 1268 ms - 37080 
[38;5;138m[17b5e8db][0m[38;5;86m[HTTP][0m [37m-->[39m [37mGET[39m [37m/wd/hub/session/17b5e8db-0e53-4ee9-9222-e9359f11d467/screenshot[39m {}
[38;5;138m[17b5e8db][0m[38;5;86m[HTTP][0m <-- GET /wd/hub/session/17b5e8db-0e53-4ee9-9222-e9359f11d467/screenshot 200 756 ms - 309612 
[38;5;138m[17b5e8db][0m[38;5;86m[HTTP][0m [37m-->[39m [37mDELETE[39m [37m/wd/hub/session/17b5e8db-0e53-4ee9-9222-e9359f11d467[39m {}
[38;5;138m[17b5e8db][0m[38;5;171m[AppiumDriver@83a9][0m Removing session 17b5e8db-0e53-4ee9-9222-e9359f11d467 from our master session list
[38;5;138m[17b5e8db][0m[38;5;-56m[AndroidUiautomator2Driver@af80][0m Restoring hidden api policy to the device default configuration
[38;5;138m[17b5e8db][0m[38;5;86m[HTTP][0m <-- DELETE /wd/hub/session/17b5e8db-0e53-4ee9-9222-e9359f11d467 200 480 ms - 14 
[38;5;112m[Appium][0m Received SIGTERM - shutting down
[38;5;86m[HTTP][0m Closing Appium HTTP server
